node : (node:17744) [MODULE_TYPELESS_PACKAGE_JSON] Warning: Module type of 
file:///C:/Users/Arsh%20dadwal/Desktop/devops%20dashboard/test-jenkins-api.js 
is not specified and it doesn't parse as CommonJS.
At line:1 char:1
+ node test-jenkins-api.js > test-output.txt 2>&1; Get-Content test-out ...
+ ~~~~~~~~~~~~~~~~~~~~~~~~~~~~~~~~~~~~~~~~~~~~~~~
    + CategoryInfo          : NotSpecified: ((node:17744) [M...se as CommonJS. 
   :String) [], RemoteException
    + FullyQualifiedErrorId : NativeCommandError
 
Reparsing as ES module because module syntax was detected. This incurs a 
performance overhead.
To eliminate this warning, add "type": "module" to C:\Users\Arsh 
dadwal\Desktop\devops dashboard\package.json.
(Use `node --trace-warnings ...` to show where the warning was created)
≡ƒöÉ Generated Test Token: eyJhbGciOiJIUzI1NiIsInR5cCI6IkpXVCJ9.eyJ1c2VySWQiOiJ0ZXN0LXVzZXIiLCJpYXQiOjE3Nzg2MTY0NzUsImV4cCI6MTc3ODYyMDA3NX0.fYy3w-zRnoisZkAYfymA_4v0yWOo_3dmfNSUNnx5FQQ

============================================================

1∩╕ÅΓâú  TESTING: Get Build Stages for Build #14
------------------------------------------------------------
Status: 500
Response: {
  "error": ""
}

============================================================

2∩╕ÅΓâú  TESTING: Get Build Logs for Build #14
------------------------------------------------------------
Status: 500
Response: {
  "error": ""
}

============================================================

3∩╕ÅΓâú  TESTING: Trigger New Build
------------------------------------------------------------
Status: 200
Response: {
  "message": "Build triggered successfully",
  "buildNumber": 259,
  "buildUrl": "http://localhost:8080/job/devops-hub-deploy/259/"
}

============================================================

